../Src/syscalls.c:23:6:initialise_monitor_handles	4	static
../Src/syscalls.c:27:5:_getpid	4	static
../Src/syscalls.c:32:5:_kill	16	static
../Src/syscalls.c:40:6:_exit	16	static
../Src/syscalls.c:46:27:_read	32	static
../Src/syscalls.c:59:27:_write	32	static
../Src/syscalls.c:71:5:_close	16	static
../Src/syscalls.c:78:5:_fstat	16	static
../Src/syscalls.c:85:5:_isatty	16	static
../Src/syscalls.c:91:5:_lseek	24	static
../Src/syscalls.c:99:5:_open	12	static
../Src/syscalls.c:107:5:_wait	16	static
../Src/syscalls.c:114:5:_unlink	16	static
../Src/syscalls.c:121:5:_times	16	static
../Src/syscalls.c:127:5:_stat	16	static
../Src/syscalls.c:134:5:_link	16	static
../Src/syscalls.c:142:5:_fork	8	static
../Src/syscalls.c:148:5:_execve	24	static
